// Jest Snapshot v1, https://goo.gl/fbAQLP

exports[`ButtonGroup buttons should be displayed vertically 1`] = `"<div class=\\"nextui-c-iufrEs nextui-c-iufrEs-jVVxkR-vertical-true nextui-c-iufrEs-gimGqK-size-md\\"><button class=\\"nextui-c-iWjDFM nextui-c-gulvcB nextui-c-iWjDFM-hkKLfu-color-default nextui-c-iWjDFM-gkIlwi-size-md nextui-c-iWjDFM-cwXrJp-borderWeight-normal nextui-c-iWjDFM-exaRme-auto-true nextui-c-iWjDFM-gglxka-cv nextui-c-iWjDFM-iPJLV-css nextui-button nextui-button--ready\\" data-state=\\"ready\\" type=\\"button\\"><span class=\\"nextui-button-text\\">action1</span></button><button class=\\"nextui-c-iWjDFM nextui-c-gulvcB nextui-c-iWjDFM-hkKLfu-color-default nextui-c-iWjDFM-gkIlwi-size-md nextui-c-iWjDFM-cwXrJp-borderWeight-normal nextui-c-iWjDFM-exaRme-auto-true nextui-c-iWjDFM-gglxka-cv nextui-c-iWjDFM-iPJLV-css nextui-button nextui-button--ready\\" data-state=\\"ready\\" type=\\"button\\"><span class=\\"nextui-button-text\\">action2</span></button></div>"`;

exports[`ButtonGroup props should be passed to each button 1`] = `"<div class=\\"nextui-c-iufrEs nextui-c-iufrEs-iGVTkN-vertical-false nextui-c-iufrEs-iAoIqM-size-xs\\"><button class=\\"nextui-c-iWjDFM nextui-c-gulvcB nextui-c-iWjDFM-hfnhFm-color-success nextui-c-iWjDFM-imrJwH-size-xs nextui-c-iWjDFM-cwXrJp-borderWeight-normal nextui-c-iWjDFM-exaRme-auto-true nextui-c-iWjDFM-gNZcsS-cv nextui-c-iWjDFM-iPJLV-css nextui-button nextui-button--ready\\" data-state=\\"ready\\" type=\\"button\\"><span class=\\"nextui-button-text\\">action</span></button></div>"`;

exports[`ButtonGroup props should be passed to each button 2`] = `"<div class=\\"nextui-c-iufrEs nextui-c-iufrEs-iGVTkN-vertical-false nextui-c-iufrEs-iAoIqM-size-xs\\"><button class=\\"nextui-c-iWjDFM nextui-c-gulvcB nextui-c-iWjDFM-hfnhFm-color-success nextui-c-iWjDFM-imrJwH-size-xs nextui-c-iWjDFM-cwXrJp-borderWeight-normal nextui-c-iWjDFM-cyFBRX-flat-true nextui-c-iWjDFM-exaRme-auto-true nextui-c-iWjDFM-gNZcsS-cv nextui-c-iWjDFM-gmvfdi-cv nextui-c-iWjDFM-iPJLV-css nextui-button nextui-button--ready\\" data-state=\\"ready\\" type=\\"button\\"><span class=\\"nextui-button-text\\">action</span></button></div>"`;

exports[`ButtonGroup should render correctly 1`] = `"<div class=\\"nextui-c-iufrEs nextui-c-iufrEs-iGVTkN-vertical-false nextui-c-iufrEs-gimGqK-size-md\\"><button class=\\"nextui-c-iWjDFM nextui-c-gulvcB nextui-c-iWjDFM-hkKLfu-color-default nextui-c-iWjDFM-gkIlwi-size-md nextui-c-iWjDFM-cwXrJp-borderWeight-normal nextui-c-iWjDFM-exaRme-auto-true nextui-c-iWjDFM-gglxka-cv nextui-c-iWjDFM-iPJLV-css nextui-button nextui-button--ready\\" data-state=\\"ready\\" type=\\"button\\"><span class=\\"nextui-button-text\\">action</span></button></div>"`;

exports[`ButtonGroup should render different variants 1`] = `ReactWrapper {}`;

exports[`ButtonGroup should render different variants 2`] = `
<NextUI.Button
  animated={true}
  auto={false}
  autoFocus={false}
  bordered={false}
  className=""
  disabled={false}
  ghost={false}
  ripple={true}
  type="button"
>
  button
</NextUI.Button>
`;
