// Jest Snapshot v1, https://goo.gl/fbAQLP

exports[`FileUpload should render correctly 1`] = `
<div>
  <div
    class="flex flex-col relative overflow-hidden h-auto text-foreground box-border bg-content1 outline-none data-[focus-visible=true]:z-10 data-[focus-visible=true]:outline-2 data-[focus-visible=true]:outline-focus data-[focus-visible=true]:outline-offset-2"
  >
    <input
      class="hidden"
      title="file upload"
      type="file"
    />
    <input
      class="hidden"
      title="single file upload"
      type="file"
    />
    <div
      class="flex gap-3 p-3 w-full items-center overflow-hidden color-inherit subpixel-antialiased"
    >
      <button
        class="z-0 group relative inline-flex items-center justify-center box-border appearance-none select-none whitespace-nowrap font-normal subpixel-antialiased overflow-hidden tap-highlight-transparent data-[pressed=true]:scale-[0.97] outline-none data-[focus-visible=true]:z-10 data-[focus-visible=true]:outline-2 data-[focus-visible=true]:outline-focus data-[focus-visible=true]:outline-offset-2 px-4 min-w-20 h-10 text-small gap-2 rounded-medium [&>svg]:max-w-[theme(spacing.8)] transition-transform-colors-opacity motion-reduce:transition-none bg-default text-default-foreground data-[hover=true]:opacity-hover"
        type="button"
      >
        Browse
      </button>
    </div>
  </div>
</div>
`;
